A IN REVERSE
B IN 4S
C IN 8S
D IN 6P
A IN 4P
B IN F
C IN 1P
D IN W
A IN 9P
B IN N
C IN 9M
D IN B
A IN 7S
B IN 5P
C IN PASS
D IN 5M
A IN 7M
B IN 9S
C IN 1S
D IN 2P
A IN 3S
B IN 6S
C IN B
D IN 2S
A IN 9P
B IN 9M
C IN 4S
D IN 3M
A IN W
B IN 6P
C IN 8P
D IN W
A IN 2M
B IN 7P
C IN 6M
D IN 8M
A IN 2S
B IN S
C IN F
D IN W
A IN DOUBLE
B IN E
C IN 2P
D IN E
A IN 2M
B IN 8S
C IN 2S
D IN 9P
A IN 1M
B IN 7S
C IN 8M
D IN N
A IN 4P
A OUT REVERSE
D IN 1S
D OUT B
C IN 1P
C OUT PASS B
A IN S
A OUT DOUBLE
A IN 3P
A OUT W
D IN 3S
D OUT N
C IN B
C OUT F
B IN 3M
B OUT F
A IN 7P
A OUT S
D IN 5S
D OUT E
C IN 3M
C OUT 8S
B IN 5M
B OUT N
A IN 7M
A OUT 7S
D IN 2S
D OUT 5S
C IN E
C OUT E
B IN 9P
B OUT S
A IN 1M
A OUT 3S
D CHOW 1S 2S 3S
D OUT 9P
A PONG 9P 9P 9P
A OUT 2S
D IN 7P
D OUT W
C IN 3P
C OUT 4S
B IN 5P
B OUT E
A IN REVERSE
A OUT REVERSE
B IN 5S
B OUT 9P
C IN 9S
C OUT 9S
D IN 8M
D OUT W
A IN 4M
A OUT 7P
B IN 7P
B OUT 7P
C IN 1S
C OUT 2S
D IN 7M
D OUT W
A IN 1M
A OUT 4P
B IN 1M
B OUT 5P
C IN 8P
C OUT 1P
D IN 9S
D OUT 9S
A IN 6M
A OUT 4P
B IN 7S
B OUT 7S
C IN PASS
C OUT PASS D
A IN 4M
A OUT 3P
B IN 3M
B OUT 9M
C IN 9M
C OUT B
D IN B
D OUT B
A IN 2P
A OUT 2P
B IN 4P
B OUT 7P
C IN 6S
C OUT B
D IN F
D OUT F
A IN 4S
A OUT 4S
B IN 6P
B OUT 6P
C IN 6P
C OUT 6S
D IN 7M
D OUT 3S
A IN 1S
A OUT 1S
C PONG 1S 1S 1S
C OUT 8P
D CHOW 6P 7P 8P
D OUT 2S
A IN 6S
A OUT 6S
B IN 4S
B OUT 9S
C IN 8M
C OUT 8M
D PONG 8M 8M 8M
D OUT 2P
A IN 2M
A OUT 7M
B IN 6M
B OUT 8S
C IN E
C OUT E
D IN 3P
D OUT 3P
A IN 5M
A SELFDRAWN
A WIN
