A IN 6S
B IN 2S
C IN 5M
D IN 8P
A IN 5P
B IN F
C IN B
D IN F
A IN 3S
B IN 8P
C IN 5P
D IN 9M
A IN 4S
B IN 6S
C IN 3S
D IN Z
A IN S
B IN 2P
C IN 2M
D IN 4S
A IN 2P
B IN 9S
C IN 4S
D IN 4P
A IN 2S
B IN 7S
C IN REVERSE
D IN 3M
A IN 2M
B IN E
C IN 9P
D IN 4P
A IN 9P
B IN W
C IN E
D IN 6P
A IN PASS
B IN S
C IN 2M
D IN 1M
A IN 3S
B IN B
C IN 7M
D IN 3P
A IN 7S
B IN DOUBLE
C IN 1S
D IN 6M
A IN 6P
B IN Z
C IN 3P
D IN 5P
A IN 7S
A OUT PASS B
C IN 9M
C OUT REVERSE
B IN 2P
B OUT DOUBLE
B IN 6S
B OUT Z
A IN W
A OUT W
D IN 1M
D OUT Z
C IN S
C OUT B
B IN E
B OUT F
A IN REVERSE
A OUT REVERSE
B IN 1M
B OUT B
C IN 9M
C OUT S
D IN W
D OUT F
A IN PASS
A OUT PASS B
C IN 1P
C OUT E
B PONG E E E
B OUT W
C IN N
C OUT N
D IN E
D OUT W
A IN 7P
A OUT S
B IN 1P
B OUT S
C IN F
C OUT F
D IN 9S
D OUT E
A IN 9S
A OUT 3S
B IN 1P
B OUT 2S
C CHOW 2S 3S 4S
C OUT 1S
D IN W
D OUT W
A IN 8P
A OUT 9S
B IN 3P
B OUT 8P
C IN N
C OUT N
D IN 3P
D OUT 9S
A IN DOUBLE
A OUT DOUBLE
A IN 4M
A OUT 6S
B IN 6M
B OUT 6M
C CHOW 5M 6M 7M
C OUT 9P
D IN 2S
D OUT 9M
C PONG 9M 9M 9M
C OUT 5P
D CHOW 3P 4P 5P
D OUT 6M
A IN 4M
A OUT 2P
C RON
C WIN
