A IN 5P
B IN 2P
C IN 5M
D IN PASS
A IN 3S
B IN 8M
C IN W
D IN S
A IN W
B IN DOUBLE
C IN 9M
D IN E
A IN 6S
B IN 9S
C IN Z
D IN 4S
A IN W
B IN 3S
C IN 6M
D IN 6S
A IN DOUBLE
B IN 7M
C IN 1P
D IN 9M
A IN 9S
B IN Z
C IN 9P
D IN REVERSE
A IN 7M
B IN 1S
C IN 8S
D IN 2S
A IN 8P
B IN DOUBLE
C IN 4S
D IN 4M
A IN 6S
B IN 3P
C IN 4S
D IN 3P
A IN 8S
B IN REVERSE
C IN 1M
D IN N
A IN 7M
B IN 8S
C IN 3P
D IN 6M
A IN 5P
B IN 3S
C IN REVERSE
D IN 6P
A IN N
A OUT DOUBLE
A IN 6P
A OUT N
B IN 4P
B OUT REVERSE
A IN PASS
A OUT PASS D
C IN E
C OUT REVERSE
D IN 8P
D OUT PASS A
B IN N
B OUT DOUBLE
B IN 1S
B OUT DOUBLE
B IN 9S
B OUT Z
C IN 8M
C OUT Z
D IN 7S
D OUT REVERSE
C IN 8P
C OUT W
A PONG W W W
A OUT 9S
B PONG 9S 9S 9S
B OUT N
A IN 3P
A OUT 8S
D CHOW 6S 7S 8S
D OUT N
C IN 5M
C OUT E
B IN 6M
B OUT 8S
A IN 6M
A OUT 3S
B RON
B WIN
