A IN N
B IN PASS
C IN 6S
D IN 4M
A IN 9M
B IN 1S
C IN 5M
D IN 5S
A IN 1S
B IN 7M
C IN 7S
D IN 2S
A IN PASS
B IN 9S
C IN 4S
D IN F
A IN 5P
B IN 7S
C IN 2S
D IN 5P
A IN DOUBLE
B IN 5S
C IN 5M
D IN 2P
A IN S
B IN W
C IN 5S
D IN 4P
A IN 4S
B IN 9M
C IN 4P
D IN 3P
A IN 7S
B IN REVERSE
C IN 8M
D IN 5P
A IN 6S
B IN 8M
C IN 7M
D IN 6M
A IN 3P
B IN S
C IN 2S
D IN 2M
A IN B
B IN 1P
C IN 6P
D IN Z
A IN 6P
B IN 5M
C IN 6P
D IN 2P
A IN 2P
A OUT PASS B
C IN 8M
C OUT 7S
D IN 2M
D OUT Z
A IN 9M
A OUT DOUBLE
A IN 4P
A OUT B
B IN S
B OUT PASS C
D IN 4S
D OUT F
A IN Z
A OUT Z
B IN 1M
B OUT REVERSE
A IN 2M
A OUT N
D IN 3M
D OUT 5S
C IN 6M
C OUT 6P
B IN E
B OUT W
A IN N
A OUT N
D IN 3M
D OUT 5P
C CHOW 4P 5P 6P
C OUT 8M
B IN 8P
B OUT E
A IN PASS
A OUT PASS D
C IN 7M
C OUT 8M
B IN 6S
B OUT 9S
A IN W
A OUT W
D IN 3S
D OUT 6M
C RON
C WIN
