A IN 8M
B IN PASS
C IN 1P
D IN 1S
A IN 5P
B IN 9S
C IN 3P
D IN 4P
A IN 4S
B IN 1P
C IN 7S
D IN 7S
A IN 2S
B IN W
C IN 9M
D IN F
A IN 4S
B IN 1S
C IN 1M
D IN 3S
A IN 6S
B IN 5S
C IN PASS
D IN 3S
A IN Z
B IN B
C IN 5P
D IN DOUBLE
A IN 2S
B IN 5S
C IN E
D IN 1M
A IN 5S
B IN F
C IN 9M
D IN 8S
A IN 2P
B IN 7P
C IN 5P
D IN F
A IN 1P
B IN 3P
C IN 8S
D IN 1M
A IN 7S
B IN REVERSE
C IN 7M
D IN 2M
A IN 1M
B IN B
C IN 2M
D IN 6P
A IN DOUBLE
A OUT DOUBLE
A IN 4P
A OUT Z
B IN F
B OUT PASS C
D IN 1P
D OUT DOUBLE
D IN 3P
D OUT F
B PONG F F F
B OUT REVERSE
A IN DOUBLE
A OUT DOUBLE
A IN PASS
A OUT PASS D
C IN 2P
C OUT PASS B
A IN 9S
A OUT 9S
D CHOW 7S 8S 9S
D OUT F
C IN 4S
C OUT E
B IN 9S
B OUT W
A IN 2P
A OUT 5P
C PONG 5P 5P 5P
C OUT 4S
A PONG 4S 4S 4S
A OUT 8M
D IN Z
D OUT Z
C IN 3M
C OUT 7M
B IN 9P
B OUT B
A IN 8M
A OUT 8M
D IN 8P
D OUT 3S
C IN 6M
C OUT 6M
B IN REVERSE
B OUT REVERSE
C IN DOUBLE
C OUT DOUBLE
C IN Z
C OUT Z
D IN 3M
D OUT 3S
A IN N
A OUT N
B IN 4M
B OUT B
C IN 6M
C OUT 6M
D IN B
D OUT B
A IN 6S
A OUT 6S
C RON
C WIN
