A IN 3S
B IN 6P
C IN Z
D IN 7S
A IN 1P
B IN Z
C IN REVERSE
D IN 5M
A IN 1P
B IN 1S
C IN 7S
D IN 3M
A IN 3S
B IN 4S
C IN 1S
D IN 4S
A IN 4S
B IN 8P
C IN 8M
D IN 1P
A IN 2M
B IN 2M
C IN 6S
D IN 8S
A IN 9S
B IN 9P
C IN E
D IN F
A IN 2S
B IN 7P
C IN 3M
D IN 6P
A IN 9P
B IN 8P
C IN 4M
D IN 4P
A IN S
B IN 9M
C IN N
D IN S
A IN 6S
B IN 3M
C IN B
D IN 6M
A IN 7M
B IN PASS
C IN 8P
D IN 6M
A IN 7M
B IN 8M
C IN DOUBLE
D IN 2P
A IN 9S
A OUT S
B IN W
B OUT PASS C
D IN 5S
D OUT F
A IN 7P
A OUT 6S
B IN 4M
B OUT Z
C IN 2S
C OUT REVERSE
B IN 1M
B OUT W
A IN 7S
A OUT 9S
D CHOW 7S 8S 9S
D OUT S
C IN 4P
C OUT DOUBLE
C IN 9M
C OUT Z
B IN 2S
B OUT 4S
A IN 8S
A OUT 3S
D CHOW 3S 4S 5S
D OUT 6P
C IN 1M
C OUT B
B IN 3P
B OUT 2S
A IN 5M
A OUT 7M
D IN DOUBLE
D OUT DOUBLE
D IN 9S
D OUT 9S
C IN 1S
C OUT N
B IN 7M
B OUT 1S
C PONG 1S 1S 1S
C OUT E
B IN 5P
B OUT 9P
A IN W
A OUT W
D IN 9M
D OUT 4P
C IN B
C OUT B
B IN 5P
B OUT 4M
A IN 6S
A OUT 9S
D IN 2M
D OUT 9M
C IN DOUBLE
C OUT DOUBLE
C IN 8S
C OUT 2S
B IN 5M
B OUT 5M
A IN 3S
A OUT 3S
D IN 8P
D OUT 8P
C IN 2P
C OUT 8P
B IN E
B OUT E
A IN 5P
A OUT 9P
D IN 5S
D OUT 5S
C IN 4M
C OUT 4P
B RON
B WIN
