A IN 7M
B IN 7M
C IN Z
D IN 8M
A IN PASS
B IN 2M
C IN 6P
D IN F
A IN 5S
B IN E
C IN 8S
D IN 3M
A IN 6P
B IN 3M
C IN 5M
D IN 2P
A IN 9S
B IN 2S
C IN 2S
D IN Z
A IN 4M
B IN 9M
C IN 6M
D IN REVERSE
A IN 3P
B IN N
C IN 8S
D IN S
A IN 3S
B IN REVERSE
C IN DOUBLE
D IN 7S
A IN 5S
B IN 5P
C IN 7M
D IN W
A IN W
B IN 5S
C IN 1M
D IN 7S
A IN 2P
B IN 1M
C IN B
D IN 1P
A IN 7M
B IN 6P
C IN 6M
D IN 4P
A IN 6M
B IN 9S
C IN 5M
D IN 4M
A IN 4M
A OUT PASS B
C IN 8S
C OUT DOUBLE
C IN 8M
C OUT Z
D IN PASS
D OUT PASS A
B IN 5P
B OUT REVERSE
A IN 1S
A OUT W
D IN 2P
D OUT REVERSE
A IN 5M
A OUT 9S
B IN 8P
B OUT N
C IN PASS
C OUT PASS D
A IN 3S
A OUT 5S
B IN DOUBLE
B OUT DOUBLE
B IN 8M
B OUT E
C IN 2P
C OUT B
D IN 8M
D OUT Z
A IN 7S
A OUT 7S
D PONG 7S 7S 7S
D OUT F
A IN 6S
A OUT 6S
B IN B
B OUT B
C IN DOUBLE
C OUT DOUBLE
C IN 2S
C OUT 6P
D IN E
D OUT W
A IN 4P
A OUT 6P
B IN B
B OUT B
C IN 4S
C OUT 4S
D IN E
D OUT S
A IN 2M
A OUT 5S
B IN 7P
B OUT 9S
C IN 8P
C OUT 8P
D IN 5M
D OUT E
A IN B
A OUT B
B IN 3M
B OUT 5S
C IN F
C OUT F
D IN E
D OUT E
A IN 9M
A OUT 3S
B IN 9S
B OUT 9S
C IN S
C OUT S
D IN 3M
D OUT E
A IN N
A OUT N
B IN 4P
B OUT 2S
C PONG 2S 2S 2S
C OUT 2P
D IN 4S
D OUT 4S
A IN Z
A OUT Z
B IN 7P
B OUT 8P
C IN 7P
C OUT 7P
B PONG 7P 7P 7P
B OUT 5P
C IN 1P
C OUT 1P
D IN PASS
D OUT PASS A
B IN 4S
B OUT 4S
C IN REVERSE
C OUT REVERSE
B IN W
B OUT W
A IN 3P
A OUT 3P
D CHOW 2P 3P 4P
D OUT 3M
B RON
B WIN
