A IN 8M
B IN 3P
C IN 4S
D IN E
A IN 7S
B IN 9S
C IN 2M
D IN Z
A IN 1P
B IN 8S
C IN 7M
D IN DOUBLE
A IN DOUBLE
B IN DOUBLE
C IN 7P
D IN 7S
A IN 5P
B IN 1M
C IN B
D IN N
A IN B
B IN 4M
C IN 1S
D IN 3M
A IN 9P
B IN 6S
C IN 9M
D IN 1P
A IN REVERSE
B IN 8P
C IN 9S
D IN 7S
A IN F
B IN 2M
C IN 1S
D IN 5P
A IN 8P
B IN 8P
C IN 7P
D IN B
A IN 9P
B IN 9P
C IN 3M
D IN REVERSE
A IN 3P
B IN 3M
C IN 3S
D IN 7P
A IN 5P
B IN 2P
C IN W
D IN 6M
A IN 1M
A OUT REVERSE
D IN 6M
D OUT REVERSE
A IN 2S
A OUT DOUBLE
A IN 6S
A OUT F
B IN 2P
B OUT DOUBLE
B IN 8M
B OUT 9S
C IN PASS
C OUT PASS D
A IN 3S
A OUT B
B IN F
B OUT F
C IN 4P
C OUT B
D IN 3P
D OUT DOUBLE
D IN PASS
D OUT PASS A
B IN REVERSE
B OUT REVERSE
A IN 4S
A OUT 9P
D IN 7P
D OUT Z
C IN 7M
C OUT W
B IN 5M
B OUT 9P
A IN 4P
A OUT 5P
D IN REVERSE
D OUT REVERSE
A IN 8M
A OUT 1P
B CHOW 1P 2P 3P
B OUT 2P
C IN W
C OUT W
D IN E
D OUT B
A IN 5P
A OUT 5P
B IN S
B OUT S
C IN F
C OUT F
D IN 2P
D OUT N
A IN 9M
A OUT 9M
B IN 4M
B OUT 8M
C CHOW 7M 8M 9M
C OUT 9S
D IN 2M
D OUT E
A IN 4P
A OUT 4P
B IN 5S
B OUT 8S
C IN 3S
C OUT 4S
D IN 2S
D OUT E
A IN DOUBLE
A OUT DOUBLE
A IN 9M
A OUT 9M
B IN W
B OUT W
C IN 1P
C OUT 4P
D IN 1S
D OUT 7S
A IN 1M
A OUT 7S
B CHOW 5S 6S 7S
B OUT 5M
C IN 9P
C OUT 9P
D IN 7M
D OUT 7S
A IN 9M
A OUT 6S
B IN N
B OUT N
C IN 6P
C OUT 7P
D PONG 7P 7P 7P
D OUT 5P
A IN 9S
A OUT 9S
B IN 1M
B OUT 4M
C CHOW 2M 3M 4M
C OUT 1P
D IN Z
D OUT Z
A IN 8S
A OUT 8S
B IN 4S
B OUT 4S
C IN F
C OUT F
D IN 5S
D OUT 5S
A IN 2M
A OUT 9M
B IN 6S
B OUT 6S
C IN 3S
C OUT 7M
D IN 8S
D OUT 8S
A IN 1S
A OUT 4S
B IN 8M
B OUT 8M
A PONG 8M 8M 8M
A OUT 2M
B IN S
B OUT S
C IN N
C OUT N
D IN B
D OUT B
A IN 7S
A OUT 7S
B IN N
B OUT N
C IN 5M
C OUT 5M
D IN 9S
D OUT 9S
A IN 2S
A OUT 2S
B IN 3M
B OUT 4M
C IN Z
C OUT Z
D IN 3P
D OUT 3P
A IN 8S
A OUT 8S
B IN 1P
B OUT 1P
C IN 4S
C OUT 4S
D IN 5S
D OUT 5S
A IN 6P
A OUT 9P
B IN 5M
B OUT 5M
C IN 6M
C OUT 6M
D IN W
D OUT W
A IN E
A OUT E
B IN 6S
B OUT 6S
C IN 4P
C OUT 7P
A RON
A WIN
