A IN 4P
B IN 8S
C IN W
D IN 8S
A IN 1P
B IN 6M
C IN E
D IN B
A IN 5S
B IN 5S
C IN 5M
D IN 5S
A IN DOUBLE
B IN 9P
C IN 9M
D IN 4M
A IN 4S
B IN 2M
C IN 4S
D IN 1M
A IN 1S
B IN 5M
C IN 1S
D IN N
A IN Z
B IN F
C IN 3S
D IN 8S
A IN 3M
B IN 2P
C IN 9P
D IN 2M
A IN 7M
B IN 2M
C IN 8M
D IN 9S
A IN 4P
B IN 9M
C IN S
D IN 8P
A IN 3P
B IN S
C IN DOUBLE
D IN 7P
A IN 9P
B IN 3P
C IN 5S
D IN 7P
A IN 9M
B IN 2S
C IN 5M
D IN B
A IN 3P
A OUT DOUBLE
A IN 6S
A OUT Z
B IN REVERSE
B OUT REVERSE
A IN 9S
A OUT 9S
D IN 7M
D OUT N
C IN 3S
C OUT DOUBLE
C IN 9P
C OUT W
B IN 7P
B OUT F
A IN F
A OUT F
D IN 1M
D OUT 9S
C IN 6M
C OUT S
B IN 6P
B OUT S
A IN E
A OUT E
D IN N
D OUT N
C IN 6M
C OUT E
B IN 3P
B OUT 8S
D PONG 8S 8S 8S
D OUT 5S
C IN 7S
C OUT 7S
B IN 4M
B OUT 5S
A IN 2S
A OUT 9P
C PONG 9P 9P 9P
C OUT 3S
B IN DOUBLE
B OUT DOUBLE
B IN S
B OUT S
A IN 4P
A OUT 1P
D IN F
D OUT F
C IN 7S
C OUT 7S
B IN 8P
B OUT 2S
A IN 5P
A OUT 5P
D IN 4P
D OUT 8P
C IN 7M
C OUT 1S
B IN B
B OUT B
D PONG B B B
D OUT 4P
C IN 5P
C OUT 5P
B CHOW 5P 6P 7P
B OUT 3P
A IN 3M
A OUT 2S
D IN REVERSE
D OUT REVERSE
A IN 8M
A OUT 1S
B IN 1P
B OUT 9M
C IN N
C OUT N
D IN 1M
D OUT 7M
A IN 1P
A OUT 3P
B IN 2S
B OUT 2S
C IN 3M
C OUT 5M
D IN 3S
D OUT 3S
A IN 8P
A OUT 8P
B IN 5M
B OUT 5M
C IN 8M
C OUT 8M
D IN Z
D OUT Z
A IN E
A OUT E
B IN 8M
B OUT 8M
C IN 2M
C OUT 5M
D IN W
D OUT W
A IN W
A OUT W
B IN N
B OUT N
C IN 7P
C OUT 7P
B RON
B WIN
