A IN N
B IN 3P
C IN W
D IN 1P
A IN 1M
B IN 2S
C IN 4M
D IN S
A IN 7P
B IN 2S
C IN 7S
D IN 1S
A IN 7P
B IN 9M
C IN 6P
D IN F
A IN 2M
B IN 5M
C IN 4S
D IN 7M
A IN 3M
B IN 8M
C IN 7M
D IN Z
A IN E
B IN 7S
C IN 9M
D IN 8P
A IN 9M
B IN B
C IN 7M
D IN 3P
A IN 1M
B IN 7S
C IN B
D IN Z
A IN 3P
B IN 4M
C IN 1P
D IN 4M
A IN 3S
B IN W
C IN 8P
D IN W
A IN DOUBLE
B IN E
C IN 4S
D IN 1S
A IN 9M
B IN 4S
C IN 6M
D IN 8S
A IN DOUBLE
A OUT DOUBLE
A IN 9S
A OUT DOUBLE
A IN PASS
A OUT PASS B
C IN 8S
C OUT B
D IN 5S
D OUT F
A IN DOUBLE
A OUT DOUBLE
A IN 7S
A OUT N
B IN 5S
B OUT B
C IN E
C OUT W
D IN 4M
D OUT W
A IN 3S
A OUT E
B IN 5S
B OUT W
C IN N
C OUT N
D IN F
D OUT F
A IN 8M
A OUT 3P
B IN 2M
B OUT E
C IN REVERSE
C OUT REVERSE
B IN 5M
B OUT 7S
A IN 7P
A OUT 9M
D IN 6P
D OUT S
C IN N
C OUT N
B IN 5P
B OUT 7S
A IN 3M
A OUT 9S
D IN 1M
D OUT 8S
C IN 5P
C OUT E
B IN 9P
B OUT 5S
A IN 8M
A OUT 7S
D IN E
D OUT E
C IN 8S
C OUT 8S
B IN 9S
B OUT 9S
A IN 2P
A OUT 2P
D CHOW 1P 2P 3P
D OUT 5S
C IN B
C OUT B
B IN 1S
B OUT 5S
A IN 1P
A OUT 1P
D IN Z
D OUT 7M
C PONG 7M 7M 7M
C OUT 8P
B IN REVERSE
B OUT REVERSE
C IN 9S
C OUT 1P
D IN F
D OUT F
A IN PASS
A OUT PASS B
C IN 4S
C OUT 4S
D IN 4P
D OUT 8P
A IN S
A OUT S
B IN 5M
B OUT 4S
C IN 6S
C OUT 9S
D IN 2S
D OUT 2S
A IN 7M
A OUT 8M
B IN 9P
B OUT 2S
C IN 3M
C OUT 9M
D IN 1M
D OUT 1S
A IN 1S
A OUT 1S
B IN S
B OUT S
C IN 9P
C OUT 9P
D IN 6M
D OUT 1S
A IN S
A OUT S
B IN 5S
B OUT 5S
C IN REVERSE
C OUT REVERSE
B IN 6M
B OUT 2S
A IN N
A OUT N
D IN 6S
D OUT 6S
C IN 8S
C OUT 8S
B IN 2M
B OUT 1S
A IN 6P
A OUT 6P
D IN 3P
D OUT 6P
C IN 8P
C OUT 8P
B IN 3S
B OUT 3S
A IN 7P
A OUT 7P
D IN 6S
D OUT 6S
C IN PASS
C OUT PASS B
A IN 2P
A OUT 2P
D CHOW 2P 3P 4P
D OUT 6M
C IN 8M
C OUT 6P
B IN 9S
B OUT 9S
A IN PASS
A OUT PASS D
C IN 2P
C OUT 5P
B IN 2M
B OUT 9P
A IN 2P
A OUT 2P
D IN 1P
D OUT 1P
C IN 9P
C OUT 9P
B IN 4P
B OUT 9P
A IN 8P
A OUT 8P
D IN DOUBLE
D OUT DOUBLE
D IN B
D OUT B
C IN 5P
C OUT 5P
B IN 4P
B OUT 4P
A IN F
A OUT F
D IN 2S
D OUT 2S
C IN 6S
C OUT 6S
B IN 6M
B OUT 9M
A IN 6P
A OUT 6P
D IN Z
D OUT Z
C IN W
C OUT W
B IN REVERSE
B OUT REVERSE
C IN 5M
C OUT 2P
D IN 3M
D OUT 4M
A IN 4P
A OUT 4P
B IN 5P
B OUT 5P
C IN 3S
C OUT 3S
DRAW
