A IN 7M
B IN 1S
C IN 1S
D IN 4M
A IN 6S
B IN 7M
C IN 7S
D IN W
A IN 2P
B IN 4P
C IN REVERSE
D IN W
A IN 4S
B IN N
C IN S
D IN DOUBLE
A IN W
B IN 8S
C IN Z
D IN 3M
A IN 3S
B IN PASS
C IN 7M
D IN 8S
A IN 3P
B IN 1P
C IN B
D IN N
A IN 8P
B IN W
C IN PASS
D IN 6M
A IN 3S
B IN 2M
C IN 7P
D IN 3M
A IN 2S
B IN 1M
C IN PASS
D IN 4S
A IN 4M
B IN 5M
C IN DOUBLE
D IN 3P
A IN 9M
B IN 9S
C IN 1M
D IN 7M
A IN 3P
B IN 7S
C IN 8M
D IN 9M
A IN 2S
A OUT W
D PONG W W W
D OUT DOUBLE
D IN Z
D OUT Z
A IN 5S
A OUT 8P
B IN Z
B OUT PASS C
D IN 6P
D OUT N
A IN 9P
A OUT 9P
B IN 4P
B OUT Z
C IN E
C OUT PASS D
A IN S
A OUT S
B IN 7S
B OUT N
C IN 7S
C OUT PASS D
A IN 5P
A OUT 6S
B CHOW 6S 7S 8S
B OUT W
C IN 9S
C OUT REVERSE
B IN B
B OUT B
A IN 5S
A OUT 5S
D IN 4P
D OUT 8S
C CHOW 7S 8S 9S
C OUT DOUBLE
C IN 5M
C OUT Z
B IN 2P
B OUT 9S
A IN 1M
A OUT 3S
D IN 8S
D OUT 8S
C IN 9S
C OUT B
B IN 9P
B OUT 7S
A IN F
A OUT F
D IN 5M
D OUT 4S
C IN 6P
C OUT S
B IN REVERSE
B OUT REVERSE
C IN 8M
C OUT E
D IN E
D OUT E
A IN 8P
A OUT 8P
B IN 4S
B OUT 4S
C IN DOUBLE
C OUT DOUBLE
C IN F
C OUT F
D IN 6M
D OUT 6P
A IN B
A OUT B
B IN 9M
B OUT 1S
C IN 2S
C OUT 9S
D IN 9P
D OUT 9P
A IN 2M
A OUT 5P
B IN 4S
B OUT 4S
C IN 4M
C OUT 7S
D IN 4M
D OUT 4P
A CHOW 2P 3P 4P
A OUT 3P
B CHOW 1P 2P 3P
B OUT 9P
C IN REVERSE
C OUT REVERSE
B IN PASS
B OUT PASS A
D IN N
D OUT N
C IN 8M
C OUT 2S
B IN F
B OUT F
A IN 1M
A OUT 5S
D IN 7P
D OUT 7P
C IN F
C OUT F
B IN 8S
B OUT 8S
A IN 1P
A OUT 2S
D IN Z
D OUT Z
C IN B
C OUT B
B IN 3S
B OUT 3S
A IN 1S
A OUT 4S
D IN 7P
D OUT 7P
C IN 5M
C OUT 1S
B IN 5P
B OUT 5P
A IN 5P
A OUT 5P
D IN 3M
D OUT 3P
C IN 9M
C OUT 5M
B IN 9P
B OUT 9P
A IN 2S
A OUT 2S
D IN E
D OUT E
C IN 2M
C OUT 7P
B IN 5S
B OUT 5S
A IN 6P
A OUT 6P
D IN 5S
D OUT 5S
C IN 6M
C OUT 6P
B IN 8P
B OUT 8P
A IN 6S
A OUT 6S
D IN 6S
D OUT 6S
C IN 6P
C OUT 6P
B IN 1P
B OUT 1P
A IN 2M
A OUT 1P
D IN 3P
D OUT 3P
C IN 3S
C OUT 3S
B IN 8M
B OUT 5M
A IN 8P
A OUT 8P
D IN 3M
D OUT 4M
C IN 4P
C OUT 4P
B IN E
B OUT E
A IN 6S
A OUT 6S
D IN REVERSE
D OUT REVERSE
A IN 5P
A OUT 5P
B IN 2P
B OUT 2P
C IN 2P
C OUT 2P
D IN N
D OUT N
A IN S
A OUT S
B IN 9S
B OUT 9S
C IN S
C OUT S
D IN 7P
D OUT 7P
A IN 6M
A OUT 9M
B IN 1S
B OUT 1S
C IN 1P
C OUT 1P
D IN DOUBLE
D OUT DOUBLE
DRAW
