A IN 8S
B IN E
C IN 5S
D IN 2S
A IN 6M
B IN 9S
C IN 3M
D IN 7S
A IN 8P
B IN 4S
C IN S
D IN N
A IN 2S
B IN E
C IN 7P
D IN DOUBLE
A IN 5P
B IN F
C IN 9P
D IN 2M
A IN 8P
B IN 3S
C IN F
D IN DOUBLE
A IN S
B IN 2M
C IN 1S
D IN 3M
A IN 6P
B IN DOUBLE
C IN 3S
D IN E
A IN REVERSE
B IN N
C IN 3S
D IN 7P
A IN 8S
B IN 3P
C IN Z
D IN 4S
A IN 1P
B IN 4S
C IN 1M
D IN 8S
A IN B
B IN 8M
C IN 4P
D IN 5S
A IN 8M
B IN 4M
C IN 5M
D IN 7M
A IN B
A OUT REVERSE
D IN 8P
D OUT DOUBLE
D IN 7P
D OUT DOUBLE
D IN 3M
D OUT N
C IN Z
C OUT F
B IN 4P
B OUT DOUBLE
B IN DOUBLE
B OUT DOUBLE
B IN 6M
B OUT F
A IN 7M
A OUT S
D IN PASS
D OUT PASS C
B IN 8S
B OUT N
A IN 2P
A OUT B
D IN W
D OUT W
C IN B
C OUT B
B IN 6P
B OUT E
A IN 6P
A OUT B
D IN PASS
D OUT PASS C
B IN 6M
B OUT E
A IN 2M
A OUT 2S
D IN 6S
D OUT E
C IN 4P
C OUT Z
B IN 5S
B OUT 4S
A IN 2S
A OUT 2S
D IN F
D OUT F
C IN N
C OUT Z
B IN 9S
B OUT 9S
A IN 2S
A OUT 2S
D IN 9P
D OUT 8S
A PONG 8S 8S 8S
A OUT 6P
D CHOW 6P 7P 8P
D OUT 7M
C IN 9S
C OUT N
B IN 8M
B OUT 9S
A IN S
A OUT S
D IN 7S
D OUT 7S
C IN 7M
C OUT S
B IN 5P
B OUT 8S
A IN 7M
A OUT 7M
D IN 9M
D OUT 9M
C IN 3S
C OUT 9S
B IN 9S
B OUT 9S
A IN 9P
A OUT 9P
D IN S
D OUT S
C IN B
C OUT B
B IN 1P
B OUT 6P
A IN 1M
A OUT 6P
D IN REVERSE
D OUT REVERSE
A IN 1S
A OUT 1S
B IN 5M
B OUT 1P
C IN 7P
C OUT 5S
D IN W
D OUT W
A IN E
A OUT E
B IN 7S
B OUT 7S
C IN 4P
C OUT 1S
D IN 9M
D OUT 9M
A IN 6S
A OUT 6S
B IN 5P
B OUT 5P
C IN W
C OUT W
D IN 5M
D OUT 5M
A IN N
A OUT N
B IN F
B OUT F
C IN W
C OUT W
D IN 5P
D OUT 9P
A IN 1P
A OUT 5P
B IN 1S
B OUT 1S
C IN 3M
C OUT 9P
D IN 2M
D OUT 7S
A IN 6S
A OUT 6S
B IN Z
B OUT Z
C IN REVERSE
C OUT REVERSE
B IN 4M
B OUT 6M
A IN 4M
A OUT 2P
D IN 1M
D OUT 2S
C IN 3P
C OUT 3P
B IN 9P
B OUT 9P
A IN 5M
A OUT 8P
D IN 4M
D OUT 7P
C PONG 7P 7P 7P
C OUT 1M
B IN 6S
B OUT 6S
A IN 6M
A OUT 8P
D IN 1M
D OUT 5P
C IN 5S
C OUT 5S
B IN 2P
B OUT 5P
A IN 2P
A OUT 2P
D IN REVERSE
D OUT REVERSE
A IN 1P
A OUT 1P
B IN 2P
B OUT 2P
C IN 3P
C OUT 3P
D IN 8M
D OUT 8M
A IN 9M
A OUT 9M
B IN Z
B OUT Z
C IN 8P
C OUT 8P
D IN PASS
D OUT PASS A
B IN 6P
B OUT 6P
C IN 1S
C OUT 1S
D IN 4S
D OUT 4S
A IN PASS
A OUT PASS B
C IN 9M
C OUT 9M
D IN 7S
D OUT 7S
A IN 3P
A OUT 3P
DRAW
