A IN 6P
B IN 2S
C IN 8M
D IN 4P
A IN REVERSE
B IN 1S
C IN 3M
D IN 7P
A IN S
B IN E
C IN 4S
D IN REVERSE
A IN 6S
B IN S
C IN 5M
D IN 4M
A IN 7M
B IN 6P
C IN DOUBLE
D IN Z
A IN 9P
B IN PASS
C IN 6M
D IN 4S
A IN W
B IN S
C IN 9M
D IN 7S
A IN 5S
B IN 2P
C IN W
D IN 5S
A IN 1P
B IN Z
C IN 3M
D IN 6P
A IN N
B IN 2P
C IN 2S
D IN 3P
A IN 1M
B IN B
C IN 8M
D IN PASS
A IN 3S
B IN 2M
C IN 8S
D IN 9S
A IN 3S
B IN 8P
C IN 6S
D IN 3M
A IN F
A OUT REVERSE
D IN 5M
D OUT PASS C
B IN 6M
B OUT PASS A
D IN 1M
D OUT REVERSE
A IN 6S
A OUT F
B IN 4S
B OUT Z
C IN N
C OUT DOUBLE
C IN 5P
C OUT N
D IN E
D OUT Z
A IN 2S
A OUT N
B IN 5M
B OUT B
C IN 6S
C OUT W
D IN 9S
D OUT E
A IN 2P
A OUT W
B IN 1P
B OUT E
C IN B
C OUT B
D IN 5P
D OUT 7S
A IN DOUBLE
A OUT DOUBLE
A IN F
A OUT F
B IN 7P
B OUT 4S
C IN N
C OUT N
D IN 8P
D OUT 1M
A IN DOUBLE
A OUT DOUBLE
A IN 8S
A OUT S
B PONG S S S
B OUT 1P
C IN 1S
C OUT 8S
D IN Z
D OUT Z
A IN 6P
A OUT 8S
B IN 4M
B OUT 2M
C IN 7S
C OUT 7S
D IN 2S
D OUT 5S
A IN 3P
A OUT 9P
B IN 9S
B OUT 9S
C IN 5S
C OUT 6S
A PONG 6S 6S 6S
A OUT 7M
B IN 7P
B OUT 7P
C IN 7P
C OUT 2S
D IN 6M
D OUT 6M
A IN 1M
A OUT 5S
B IN E
B OUT E
C IN DOUBLE
C OUT DOUBLE
C IN 4S
C OUT 4S
D IN 8M
D OUT 8M
C PONG 8M 8M 8M
C OUT 1S
D IN 5P
D OUT 8P
A IN 5M
A OUT 3S
B RON
B WIN
