A IN 3M
B IN 7M
C IN 6S
D IN E
A IN 7S
B IN 3M
C IN 1S
D IN E
A IN F
B IN N
C IN 4M
D IN 2S
A IN 8S
B IN Z
C IN W
D IN 5P
A IN 8M
B IN E
C IN B
D IN 5S
A IN 5P
B IN S
C IN 3S
D IN 7S
A IN 1S
B IN 4P
C IN 6M
D IN 1S
A IN F
B IN PASS
C IN 1M
D IN 7M
A IN Z
B IN 1M
C IN 9S
D IN 5M
A IN 8S
B IN 9M
C IN 4S
D IN 4M
A IN 7S
B IN F
C IN 9P
D IN 3S
A IN 2P
B IN 9M
C IN 1P
D IN 9P
A IN F
B IN B
C IN 9P
D IN 4M
A IN 5S
A OUT Z
B IN 1M
B OUT PASS C
D IN 9S
D OUT 9S
A CHOW 7S 8S 9S
A OUT 8S
B IN 9M
B OUT Z
C IN 6S
C OUT B
D IN N
D OUT N
A IN 6M
A OUT 1S
B IN 4S
B OUT F
C IN S
C OUT W
D IN 6P
D OUT E
A IN 4P
A OUT F
B IN 2M
B OUT B
C IN 6M
C OUT S
D IN 7M
D OUT E
A IN 8P
A OUT 8P
B IN 4P
B OUT N
C IN E
C OUT E
D IN REVERSE
D OUT REVERSE
C IN REVERSE
C OUT REVERSE
D IN 2M
D OUT 7S
A IN 8M
A OUT 5P
B IN 9S
B OUT S
C IN W
C OUT W
D IN B
D OUT B
A IN W
A OUT W
B IN REVERSE
B OUT REVERSE
A IN PASS
A OUT PASS D
C IN 5S
C OUT 9S
B IN 7P
B OUT E
A IN 2P
A OUT 4P
B PONG 4P 4P 4P
B OUT 9S
A IN 8P
A OUT 8P
D IN 6S
D OUT 6S
C PONG 6S 6S 6S
C OUT 1S
B IN 5P
B OUT 4S
A IN 8S
A OUT 8S
D IN 3M
D OUT 5S
C IN 1P
C OUT 6M
B IN 8P
B OUT 8P
A IN 3P
A OUT 3P
D IN Z
D OUT Z
C IN 8P
C OUT 9P
B IN 7M
B OUT 1M
A IN 5P
A OUT 5P
D IN 4S
D OUT 4S
C IN 6P
C OUT 9P
B IN 2S
B OUT 2S
A IN 6P
A OUT 6P
B RON
B WIN
