A IN S
B IN 7S
C IN E
D IN 5P
A IN 2P
B IN 8S
C IN 2M
D IN 7P
A IN 4M
B IN B
C IN 7S
D IN 5P
A IN 7M
B IN S
C IN F
D IN 3S
A IN 5S
B IN 3S
C IN 1M
D IN 6S
A IN 4S
B IN 1S
C IN Z
D IN 2M
A IN 1P
B IN 4M
C IN 6P
D IN N
A IN W
B IN 1P
C IN REVERSE
D IN 1M
A IN 3M
B IN 2P
C IN DOUBLE
D IN 2S
A IN 3P
B IN 8M
C IN 7M
D IN 6P
A IN 6S
B IN 4S
C IN PASS
D IN 7M
A IN 4M
B IN 8S
C IN 8S
D IN 2P
A IN F
B IN 5S
C IN 5M
D IN 1S
A IN 9M
A OUT F
B IN 9S
B OUT B
C IN 7P
C OUT PASS D
A IN F
A OUT F
B IN 8M
B OUT S
C IN 4S
C OUT REVERSE
B IN DOUBLE
B OUT DOUBLE
B IN 5M
B OUT 8S
A IN W
A OUT S
D IN 1S
D OUT N
C IN 1S
C OUT DOUBLE
C IN 8P
C OUT Z
B IN 2P
B OUT 1S
D PONG 1S 1S 1S
D OUT 6S
C CHOW 6S 7S 8S
C OUT F
B IN 1M
B OUT 2P
A IN 7S
A OUT 7S
D IN 9M
D OUT 3S
C IN DOUBLE
C OUT DOUBLE
C IN 5S
C OUT E
B IN 2S
B OUT 5S
A IN 7P
A OUT 7P
D IN 8P
D OUT 2S
C IN E
C OUT E
B IN 9P
B OUT 9P
A IN 4P
A OUT 4P
D IN W
D OUT W
A PONG W W W
A OUT 3M
D CHOW 1M 2M 3M
D OUT 2P
C IN 8M
C OUT 5S
B IN 1P
B OUT 2P
A IN 6S
A OUT 6S
D IN 2S
D OUT 2S
C IN 6M
C OUT 4S
B IN 2M
B OUT 1P
A IN 4P
A OUT 4P
D IN 6M
D OUT 9M
C IN 7S
C OUT 7S
B IN 3P
B OUT 3P
A IN N
A OUT N
D IN 9M
D OUT 9M
C IN 3M
C OUT 1S
B IN REVERSE
B OUT REVERSE
C IN 2S
C OUT 2S
D IN Z
D OUT Z
A IN 1P
A OUT 1P
B IN PASS
B OUT PASS C
D IN S
D OUT S
A IN W
A OUT W
B IN 3M
B OUT 1P
C IN 4P
C OUT 4P
D IN 9P
D OUT 9P
A IN 6M
A OUT 9M
B IN Z
B OUT Z
C IN 4P
C OUT 4P
D IN 6P
D OUT 6P
A IN 9M
A OUT 9M
B IN 2M
B OUT 5M
C RON
C WIN
