A IN 6S
B IN 6P
C IN REVERSE
D IN 4S
A IN 3M
B IN DOUBLE
C IN 4M
D IN 9M
A IN REVERSE
B IN S
C IN 3S
D IN F
A IN 1S
B IN 8S
C IN W
D IN 6M
A IN 5P
B IN B
C IN B
D IN 8M
A IN DOUBLE
B IN B
C IN N
D IN S
A IN 3S
B IN 4S
C IN 1M
D IN 7P
A IN 9M
B IN 2P
C IN 6M
D IN 1M
A IN 5P
B IN 1S
C IN 2M
D IN 5S
A IN PASS
B IN 3S
C IN 9P
D IN 4M
A IN 6P
B IN 4M
C IN E
D IN PASS
A IN 6P
B IN 4P
C IN 8M
D IN Z
A IN 2P
B IN 2S
C IN 4S
D IN 9S
A IN 5M
A OUT PASS B
C IN 3P
C OUT REVERSE
B IN N
B OUT DOUBLE
B IN 2M
B OUT N
A IN 8P
A OUT REVERSE
B IN E
B OUT S
C IN N
C OUT B
B PONG B B B
B OUT E
C IN 2S
C OUT W
D IN E
D OUT PASS A
B IN 5S
B OUT 8S
C IN 9P
C OUT E
D IN 1P
D OUT Z
A IN 6S
A OUT DOUBLE
A IN 1S
A OUT 3S
B CHOW 3S 4S 5S
B OUT 6P
A PONG 6P 6P 6P
A OUT 8P
B IN 7M
B OUT 4P
C IN 5P
C OUT N
D IN 4M
D OUT F
A IN 8M
A OUT 6S
B IN 5S
B OUT 5S
C IN 9P
C OUT N
D IN 9S
D OUT S
A IN 7S
A OUT 7S
B IN REVERSE
B OUT REVERSE
A IN 7M
A OUT 6S
D CHOW 4S 5S 6S
D OUT E
C IN 8S
C OUT 8S
B IN 5S
B OUT 5S
A IN 1M
A OUT 2P
D IN N
D OUT N
C IN PASS
C OUT PASS B
A IN REVERSE
A OUT REVERSE
B IN 7P
B OUT 7P
C IN W
C OUT W
D IN F
D OUT F
A IN 7P
A OUT 7P
B IN 7M
B OUT 2P
C IN S
C OUT S
D IN 6S
D OUT 6S
A IN 9S
A OUT 9S
D PONG 9S 9S 9S
D OUT 7P
A IN 2S
A OUT 2S
B IN 1P
B OUT 1P
C IN 5M
C OUT 9P
D IN 6P
D OUT 6P
A IN 3M
A OUT 1S
B IN 3S
B OUT 3S
C IN Z
C OUT Z
D IN 8M
D OUT 1P
A IN 9S
A OUT 9S
B IN 3M
B SELFDRAWN
B WIN
