A IN 1S
B IN 5S
C IN E
D IN 6M
A IN DOUBLE
B IN S
C IN 8S
D IN 3P
A IN 6P
B IN E
C IN 2M
D IN 6P
A IN 7M
B IN 8P
C IN 2P
D IN 9M
A IN 1M
B IN 5P
C IN 4P
D IN 1M
A IN 7M
B IN 1M
C IN PASS
D IN 3S
A IN REVERSE
B IN 7M
C IN 9P
D IN 3M
A IN REVERSE
B IN 7P
C IN 4M
D IN 5S
A IN 1M
B IN 1S
C IN N
D IN 8M
A IN 6M
B IN 7P
C IN 3M
D IN W
A IN REVERSE
B IN 9M
C IN 3P
D IN N
A IN N
B IN 3M
C IN Z
D IN 8S
A IN 6P
B IN 6M
C IN 6S
D IN 3P
A IN DOUBLE
A OUT REVERSE
D IN 2S
D OUT N
C IN 6S
C OUT PASS B
A IN Z
A OUT REVERSE
B IN 7M
B OUT S
C IN 9P
C OUT Z
D IN PASS
D OUT PASS A
B IN 9S
B OUT E
C IN 1P
C OUT N
D IN 9P
D OUT W
A IN 5P
A OUT REVERSE
D IN 5M
D OUT 8S
C IN 7S
C OUT E
B IN PASS
B OUT PASS A
D IN 6P
D OUT 5S
C CHOW 5S 6S 7S
C OUT 4P
B IN 2M
B OUT 9S
A IN 5P
A OUT DOUBLE
A IN 3S
A OUT DOUBLE
A IN 7S
A OUT Z
D IN 5S
D OUT 5S
C IN 5S
C OUT 8S
B IN 5P
B OUT 5S
A IN 2P
A OUT N
D IN 8P
D OUT 3S
C IN 5M
C OUT 5M
B CHOW 5M 6M 7M
B OUT 1S
A IN 8M
A OUT 7S
C RON
C WIN
