A IN 4P
B IN 6P
C IN 2P
D IN 3P
A IN 3M
B IN 5M
C IN 4M
D IN 2M
A IN 5P
B IN 9S
C IN 4P
D IN Z
A IN PASS
B IN 6S
C IN E
D IN 9S
A IN 4P
B IN S
C IN 4P
D IN 2S
A IN 6S
B IN 2P
C IN 6M
D IN W
A IN 3M
B IN 7P
C IN REVERSE
D IN 9M
A IN Z
B IN S
C IN 6S
D IN 9S
A IN 1M
B IN PASS
C IN 6P
D IN 1M
A IN 2S
B IN 1S
C IN 3P
D IN 8S
A IN Z
B IN 5M
C IN B
D IN 1S
A IN 1P
B IN 3M
C IN 6P
D IN 9P
A IN 4S
B IN 5S
C IN 7P
D IN 2M
A IN 4M
A OUT PASS B
C IN W
C OUT REVERSE
B IN 7M
B OUT PASS A
D IN 5P
D OUT Z
A PONG Z Z Z
A OUT 6S
D IN 7S
D OUT W
C IN 8P
C OUT B
B IN 6M
B OUT 9S
D PONG 9S 9S 9S
D OUT 9P
C IN 8M
C OUT W
B IN 7P
B OUT 1S
A IN 1P
A OUT 4S
D IN N
D OUT N
C IN 8M
C OUT E
B IN 1P
B OUT S
A IN W
A OUT W
D IN 5P
D OUT 5P
C CHOW 4P 5P 6P
C OUT 6S
B IN 2S
B OUT S
A IN 9S
A OUT 9S
D CHOW 7S 8S 9S
D OUT 9M
C IN 3S
C OUT 3S
B IN 3S
B OUT 6S
A IN DOUBLE
A OUT DOUBLE
A IN PASS
A OUT PASS D
C IN 4M
C OUT 8M
B IN 6M
B OUT 5S
A IN PASS
A OUT PASS D
C IN 7P
C OUT 7P
B IN 8S
B OUT 8S
A IN 2S
A OUT 2S
D IN 8P
D OUT 8P
C IN E
C OUT E
B IN 9M
B OUT 6P
A CHOW 4P 5P 6P
A OUT 2S
D IN REVERSE
D OUT REVERSE
A IN 1S
A OUT 1S
B CHOW 1S 2S 3S
B OUT 9M
C IN F
C OUT F
D IN 8S
D OUT 8S
A IN N
A OUT N
B IN DOUBLE
B OUT DOUBLE
B IN 5S
B OUT 5S
C IN 7S
C OUT 7S
D IN 4S
D OUT 4S
A IN 6M
A OUT 4P
B IN 6S
B OUT 6S
C IN 2P
C OUT 2P
D IN DOUBLE
D OUT DOUBLE
D IN N
D OUT N
A IN F
A OUT F
B IN N
B OUT N
C IN 7M
C SELFDRAWN
C WIN
