A IN 9P
B IN 8M
C IN 7S
D IN 8S
A IN DOUBLE
B IN PASS
C IN 8P
D IN PASS
A IN 5S
B IN 9S
C IN 4M
D IN 5S
A IN 9S
B IN 1S
C IN 2P
D IN 8S
A IN 9S
B IN F
C IN 3M
D IN 7P
A IN 7S
B IN 6S
C IN 2P
D IN 3M
A IN 1P
B IN 2S
C IN 1S
D IN F
A IN 2P
B IN 2M
C IN 8P
D IN 1M
A IN 8S
B IN 1S
C IN 1S
D IN W
A IN 1M
B IN REVERSE
C IN B
D IN 5P
A IN 3M
B IN W
C IN 3S
D IN 8P
A IN B
B IN 7S
C IN S
D IN REVERSE
A IN 2S
B IN 5M
C IN 7P
D IN 6P
A IN PASS
A OUT PASS B
C IN 4S
C OUT B
D IN REVERSE
D OUT PASS A
B IN 5S
B OUT PASS C
D IN 9P
D OUT REVERSE
C IN B
C OUT B
B IN 4M
B OUT REVERSE
C IN 3P
C OUT S
D IN 6P
D OUT REVERSE
C IN 5M
C OUT 7S
B CHOW 5S 6S 7S
B OUT F
A IN 1P
A OUT DOUBLE
A IN 4S
A OUT B
D IN 8P
D OUT F
C IN 7P
C OUT 4S
B IN Z
B OUT Z
A IN 6P
A OUT 9S
D IN 8M
D OUT W
C IN 4M
C OUT 3S
B CHOW 1S 2S 3S
B OUT W
A IN 7M
A OUT 5S
D IN 5S
D OUT 8S
C IN 7M
C OUT 3P
B IN DOUBLE
B OUT DOUBLE
B IN 1P
B OUT 1S
C PONG 1S 1S 1S
C OUT 7M
B IN 9S
B OUT 9S
A IN 2M
A OUT 9P
D IN 2M
D OUT 8S
C IN 3S
C OUT 3S
B IN 6S
B OUT 9S
A IN 6M
A OUT 6P
D IN E
D OUT E
C IN F
C OUT F
B IN 5P
B OUT 5P
A IN 2M
A OUT 2P
C PONG 2P 2P 2P
C OUT 4M
B IN 3P
B OUT 7S
A IN 6S
A OUT 9S
D IN 9P
D OUT 9P
C IN 4P
C OUT 4P
B IN 3M
B OUT 6S
A IN 4P
A OUT 4P
D CHOW 4P 5P 6P
D OUT 8M
C IN E
C OUT E
B IN 7P
B OUT 7P
D RON
D WIN
