A IN 6M
B IN 4P
C IN 7P
D IN Z
A IN N
B IN REVERSE
C IN 7M
D IN E
A IN Z
B IN B
C IN 4S
D IN 2M
A IN 7S
B IN 9P
C IN 4P
D IN S
A IN REVERSE
B IN W
C IN 8P
D IN 2P
A IN 2M
B IN 9S
C IN 1M
D IN 5M
A IN 3S
B IN 8M
C IN 1P
D IN 1P
A IN 5S
B IN 3M
C IN 8P
D IN 8M
A IN PASS
B IN 6S
C IN 3S
D IN 5M
A IN DOUBLE
B IN DOUBLE
C IN 5P
D IN 6S
A IN 3M
B IN 9S
C IN 3M
D IN 2M
A IN B
B IN N
C IN 3S
D IN 8S
A IN 9S
B IN 6P
C IN 2M
D IN 8P
A IN 6P
A OUT PASS B
C IN 6P
C OUT 4S
D IN 1P
D OUT Z
A IN 5M
A OUT REVERSE
D IN 3P
D OUT S
C IN 4M
C OUT 8P
B IN 4M
B OUT REVERSE
C IN 1M
C OUT 1P
D PONG 1P 1P 1P
D OUT E
A IN 4P
A OUT DOUBLE
A IN 5P
A OUT Z
B IN 4P
B OUT DOUBLE
B IN REVERSE
B OUT REVERSE
A IN N
A OUT B
D IN 6S
D OUT 8S
C IN E
C OUT E
B IN 3P
B OUT B
A IN 9M
A OUT 9S
B PONG 9S 9S 9S
B OUT N
A IN 3M
A OUT 7S
D IN 8S
D OUT 8S
C IN S
C OUT S
B IN E
B OUT W
A IN 3P
A OUT 6P
D IN 7P
D OUT 6S
C IN W
C OUT W
B IN 6P
B OUT E
A IN PASS
A OUT PASS D
C IN 8S
C OUT 8S
B IN 5S
B OUT 9P
A IN F
A OUT F
D IN 7S
D OUT 7S
C IN 8M
C OUT 3S
B IN 7P
B OUT 7P
A IN 7M
A OUT 9M
D IN W
D OUT W
C IN 9P
C OUT 3S
B IN 6M
B OUT 6S
A IN PASS
A OUT PASS D
C IN 2S
C OUT 2S
B IN 8P
B OUT 5S
A IN 9M
A OUT 9M
C RON
C WIN
