A IN 6M
B IN 8M
C IN 7S
D IN 5S
A IN 6S
B IN 6M
C IN 9P
D IN 5P
A IN 2P
B IN 6P
C IN 7P
D IN PASS
A IN F
B IN 3M
C IN 2M
D IN DOUBLE
A IN 2S
B IN 8S
C IN E
D IN 5M
A IN 8S
B IN W
C IN 4S
D IN 3S
A IN 8P
B IN 5P
C IN 1S
D IN F
A IN 4P
B IN 4P
C IN N
D IN 5P
A IN DOUBLE
B IN 9M
C IN 1P
D IN E
A IN 1P
B IN 4M
C IN 7P
D IN 5S
A IN W
B IN 6M
C IN 9S
D IN PASS
A IN 3P
B IN 1M
C IN 8M
D IN 1P
A IN 7M
B IN 6S
C IN 3P
D IN 9M
A IN 8P
A OUT DOUBLE
A IN 5M
A OUT F
B IN 7M
B OUT W
C IN F
C OUT F
D IN 9S
D OUT PASS A
B IN 2P
B OUT 2P
C CHOW 1P 2P 3P
C OUT N
D IN Z
D OUT PASS A
B IN 4S
B OUT 8S
C CHOW 7S 8S 9S
C OUT E
D IN 7P
D OUT DOUBLE
D IN 3M
D OUT Z
A IN 4S
A OUT W
B IN 9M
B OUT 6S
C IN 5P
C OUT 4S
D CHOW 3S 4S 5S
D OUT F
A IN 6P
A OUT 8S
B IN 3P
B OUT 4S
C IN 9S
C OUT 9S
D IN 8M
D OUT E
A IN 2M
A OUT 6S
B IN 7P
B OUT 7P
C IN 2S
C OUT 2S
D IN 6S
D OUT 9S
A IN 8M
A OUT 8M
B IN 4P
B OUT 6P
C CHOW 5P 6P 7P
C OUT 1S
D IN REVERSE
D OUT REVERSE
C IN DOUBLE
C OUT DOUBLE
C IN 3M
C OUT 9P
B IN 3M
B OUT 4P
A IN 1S
A OUT 4S
D CHOW 4S 5S 6S
D OUT 7P
C IN 4P
C OUT 7P
B IN 9P
B OUT 9P
A IN 1S
A OUT 2S
D IN 2S
D OUT 2S
C IN 1M
C OUT 4P
B IN N
B OUT N
A IN 1M
A OUT 1S
D IN PASS
D OUT PASS C
B IN S
B OUT S
A IN Z
A OUT Z
D IN E
D OUT E
C IN F
C OUT F
B IN 8P
B OUT 8P
A IN 1S
A OUT 1S
D IN REVERSE
D OUT REVERSE
A IN 7S
A OUT 7S
B IN 6P
B OUT 6P
C IN N
C OUT N
D IN 1P
D OUT 5P
A CHOW 4P 5P 6P
A OUT 1S
B IN 5M
B OUT 9M
C IN 3S
C OUT 3S
D IN Z
D OUT Z
A IN 6M
A OUT 6M
B IN S
B OUT S
C IN 3S
C OUT 3S
D IN B
D OUT B
A IN 5S
A OUT 5S
B IN 7S
B OUT 7S
C IN 4M
C OUT 8M
D IN 4M
D OUT 5P
A IN 4M
A OUT 7M
D RON
D WIN
