A IN 4M
B IN 5S
C IN W
D IN Z
A IN 6M
B IN 8P
C IN E
D IN 7S
A IN 8P
B IN 4S
C IN 7P
D IN W
A IN 7P
B IN F
C IN DOUBLE
D IN 3P
A IN 7S
B IN 6M
C IN 2P
D IN 4P
A IN DOUBLE
B IN 1S
C IN 4M
D IN 8S
A IN 3S
B IN 8P
C IN 6M
D IN 3P
A IN W
B IN 7M
C IN 2S
D IN W
A IN 5M
B IN REVERSE
C IN 5M
D IN 1S
A IN 3M
B IN 7M
C IN 1P
D IN S
A IN PASS
B IN 3S
C IN 4M
D IN 7S
A IN 3M
B IN 3S
C IN 4P
D IN N
A IN S
B IN 6S
C IN PASS
D IN 2M
A IN 9S
A OUT PASS B
C IN 1M
C OUT PASS D
A IN 9P
A OUT DOUBLE
A IN F
A OUT F
B IN REVERSE
B OUT REVERSE
A IN 6P
A OUT W
D PONG W W W
D OUT Z
C IN Z
C OUT DOUBLE
C IN F
C OUT Z
B IN 5P
B OUT REVERSE
C IN 4S
C OUT F
D IN 6S
D OUT N
A IN 6S
A OUT S
B IN 7M
B OUT F
C IN 2S
C OUT W
D IN DOUBLE
D OUT DOUBLE
D IN B
D OUT B
A IN 5S
A OUT 9S
B IN 9P
B OUT 6S
C IN 8P
C OUT E
D IN 6P
D OUT S
A IN 8M
A OUT 3S
B IN 9P
B OUT 5P
C IN 9S
C OUT 9S
D CHOW 7S 8S 9S
D OUT 1S
A IN 9M
A OUT 9P
B PONG 9P 9P 9P
B OUT 6M
C CHOW 4M 5M 6M
C OUT 4S
D IN 2M
D OUT 7S
A IN N
A OUT N
B IN 4P
B OUT 4P
C IN Z
C OUT Z
D IN 5M
D OUT 6S
A IN B
A OUT B
B IN PASS
B OUT PASS C
D IN 1M
D OUT 5M
A IN 4P
A OUT 4P
B IN B
B OUT B
C IN 1P
C OUT 2S
B RON
B WIN
