A IN 1S
B IN 8P
C IN 1M
D IN 7S
A IN 2P
B IN 3M
C IN 7P
D IN PASS
A IN 3P
B IN 5M
C IN 6P
D IN 2P
A IN REVERSE
B IN 2P
C IN 5S
D IN S
A IN 5M
B IN 7M
C IN 6P
D IN 1M
A IN 6S
B IN 7M
C IN 2S
D IN 9P
A IN REVERSE
B IN 9M
C IN 9S
D IN 1S
A IN 3P
B IN N
C IN PASS
D IN PASS
A IN 8S
B IN B
C IN 7M
D IN 9P
A IN 1P
B IN 2S
C IN REVERSE
D IN 5P
A IN DOUBLE
B IN 2S
C IN 9M
D IN 1M
A IN 6S
B IN 8M
C IN 8M
D IN 6M
A IN 7M
B IN 3S
C IN 2P
D IN 1S
A IN 8S
A OUT REVERSE
D IN N
D OUT PASS C
B IN DOUBLE
B OUT DOUBLE
B IN 8P
B OUT B
A IN F
A OUT REVERSE
B IN S
B OUT N
C IN 5M
C OUT PASS D
A IN 4P
A OUT DOUBLE
A IN S
A OUT F
B IN 4S
B OUT S
C IN REVERSE
C OUT REVERSE
B IN 2M
B OUT 2S
A IN 5S
A OUT S
D IN Z
D OUT PASS C
B IN 3S
B OUT 3S
A IN W
A OUT W
D IN Z
D OUT N
C IN E
C OUT REVERSE
D IN 9S
D OUT S
A IN 7P
A OUT 6S
B IN F
B OUT F
C IN 1S
C OUT E
D IN 3S
D OUT 3S
A IN 9S
A OUT 9S
B IN 7S
B OUT 7S
C IN Z
C OUT Z
D PONG Z Z Z
D OUT 5P
A CHOW 3P 4P 5P
A OUT 1S
D PONG 1S 1S 1S
D OUT 2P
A IN W
A OUT W
B IN 2M
B OUT 2P
C IN 9S
C OUT 5S
D IN 5P
D OUT 5P
A IN 2M
A OUT 7P
B IN 3S
B OUT 3S
C CHOW 1S 2S 3S
C OUT 7P
D IN 8P
D OUT 9P
A IN W
A OUT W
B IN 6M
B OUT 3M
C IN 8S
C OUT 9S
D IN 4P
D OUT 4P
A IN 5P
A OUT 5P
B IN 4P
B OUT 4P
C IN 8S
C OUT 9S
D IN 8M
D OUT 9S
A IN 1P
A OUT 1P
B IN 9M
B OUT 9M
C IN B
C OUT B
D IN 8P
D OUT 7S
A CHOW 5S 6S 7S
A OUT 2M
B RON
B WIN
