A IN 8S
B IN 7P
C IN 4P
D IN DOUBLE
A IN 3S
B IN 8P
C IN 6P
D IN 7M
A IN 1S
B IN 4P
C IN 5P
D IN 8M
A IN B
B IN 5M
C IN 6M
D IN REVERSE
A IN 6P
B IN 1P
C IN 9M
D IN 9M
A IN 1M
B IN PASS
C IN 3P
D IN 2S
A IN N
B IN E
C IN Z
D IN 1M
A IN 9S
B IN 7P
C IN F
D IN W
A IN 6M
B IN 5S
C IN 3M
D IN 1P
A IN E
B IN 3M
C IN 9P
D IN 2P
A IN 4P
B IN 6S
C IN 8M
D IN 1P
A IN 6P
B IN 2S
C IN 9P
D IN W
A IN REVERSE
B IN DOUBLE
C IN 5S
D IN 4M
A IN 7S
A OUT REVERSE
D IN 9P
D OUT REVERSE
A IN S
A OUT B
B IN B
B OUT PASS C
D IN 9M
D OUT DOUBLE
D IN 7M
D OUT 2S
A CHOW 1S 2S 3S
A OUT N
B IN S
B OUT DOUBLE
B IN S
B OUT B
C IN 3S
C OUT Z
D IN 6S
D OUT 6S
A IN 9P
A OUT S
B PONG S S S
B OUT E
C IN 5M
C OUT F
D IN N
D OUT N
A IN 5P
A OUT E
B IN 6P
B OUT 2S
C IN 2P
C OUT 5S
D IN E
D OUT E
A IN 2M
A OUT 9P
B IN F
B OUT F
C IN 6M
C OUT 3S
D IN 5M
D OUT 9P
C PONG 9P 9P 9P
C OUT 6P
D IN 4M
D OUT 2P
A IN 8P
A OUT 8P
B IN PASS
B OUT PASS C
D IN Z
D OUT Z
A IN DOUBLE
A OUT DOUBLE
A IN 7S
A OUT 7S
B CHOW 5S 6S 7S
B OUT 8P
C IN 3M
C OUT 5P
D IN 7S
D OUT 7S
A IN 3S
A OUT 3S
B IN 4M
B OUT 1P
D PONG 1P 1P 1P
D OUT 9M
A IN REVERSE
A OUT REVERSE
D IN 9S
D OUT 9S
C IN 9M
C OUT 9M
B IN 3P
B OUT 6P
A CHOW 4P 5P 6P
A OUT 6M
C PONG 6M 6M 6M
C OUT 5M
B IN 3S
B OUT 3S
A IN F
A OUT F
D IN F
D OUT F
C IN 4S
C OUT 4S
B IN 1S
B OUT 1S
A IN 3P
A OUT 3P
D IN 5P
D OUT 5P
B RON
B WIN
