A IN Z
B IN 8S
C IN F
D IN 4M
A IN 5S
B IN 6S
C IN 6P
D IN 9S
A IN 2P
B IN 1P
C IN 9M
D IN F
A IN 4P
B IN 4M
C IN 5P
D IN 2S
A IN 5S
B IN 3S
C IN 9M
D IN Z
A IN DOUBLE
B IN 7P
C IN 8P
D IN 2P
A IN 9P
B IN DOUBLE
C IN 5P
D IN W
A IN 1P
B IN 7M
C IN 7S
D IN 6S
A IN PASS
B IN 7P
C IN N
D IN 5M
A IN 8S
B IN 6P
C IN 1P
D IN REVERSE
A IN 1M
B IN B
C IN 4P
D IN N
A IN 6S
B IN 9P
C IN 6M
D IN 9P
A IN 7P
B IN 3M
C IN 3M
D IN 4P
A IN 8M
A OUT PASS B
C IN 7M
C OUT F
D IN 2S
D OUT REVERSE
C IN 4S
C OUT N
B IN 6M
B OUT DOUBLE
B IN 8M
B OUT B
A IN 1M
A OUT DOUBLE
A IN 3S
A OUT Z
D IN 6M
D OUT Z
C IN 8P
C OUT 7S
B CHOW 6S 7S 8S
B OUT 3S
A IN PASS
A OUT PASS D
C IN 1S
C OUT 4S
B IN REVERSE
B OUT REVERSE
C IN N
C OUT N
D IN 3S
D OUT F
A IN 3P
A OUT 8S
B IN 4S
B OUT 4S
C IN 7M
C OUT 1S
D CHOW 1S 2S 3S
D OUT N
A IN 1S
A OUT 6S
B IN F
B OUT F
C IN DOUBLE
C OUT DOUBLE
C IN 7M
C OUT 5P
D IN 2M
D OUT W
A IN 2S
A OUT 4P
B IN W
B OUT W
C IN 5P
C OUT 5P
D IN 2P
D OUT 9S
A IN W
A OUT W
B IN PASS
B OUT PASS C
D IN 7S
D OUT 2S
A IN 8S
A OUT 8S
B IN 6S
B OUT 6S
C IN E
C OUT E
D IN PASS
D OUT PASS A
B IN 2S
B OUT 2S
C IN 2P
C OUT 6M
D IN Z
D OUT Z
A IN 3P
A OUT 3P
B IN E
B OUT E
C IN 6M
C OUT 6M
D IN S
D OUT S
A IN REVERSE
A OUT REVERSE
D IN 2M
D OUT 9P
C IN 7S
C OUT 7S
B IN DOUBLE
B OUT DOUBLE
B IN 9S
B OUT 9S
A IN 4M
A OUT 8M
D IN 8S
D OUT 4P
C IN 2M
C OUT 8P
B CHOW 7P 8P 9P
B OUT 7P
A IN W
A OUT W
D IN 3M
D OUT 6M
C IN 4M
C OUT 8P
B IN E
B OUT E
A IN 5S
A OUT 4M
D IN E
D OUT E
C IN 1S
C OUT 1S
B IN REVERSE
B OUT REVERSE
C IN 5M
C OUT 5M
D IN N
D OUT N
A IN S
A OUT S
B IN B
B OUT B
C IN 3P
C SELFDRAWN
C WIN
