A IN 9M
B IN S
C IN 5S
D IN 6P
A IN 7M
B IN 7S
C IN 3M
D IN 8S
A IN N
B IN DOUBLE
C IN 5P
D IN E
A IN 4M
B IN 7P
C IN 9M
D IN 1S
A IN Z
B IN 4P
C IN 1P
D IN 4P
A IN 8P
B IN PASS
C IN B
D IN N
A IN 7P
B IN 8M
C IN 7P
D IN 3S
A IN 8P
B IN 2P
C IN 7S
D IN 5P
A IN 9M
B IN 5S
C IN S
D IN 2S
A IN 8P
B IN S
C IN N
D IN 3S
A IN F
B IN 7M
C IN 2S
D IN 6P
A IN 3M
B IN REVERSE
C IN 8S
D IN 3S
A IN REVERSE
B IN 9S
C IN 2S
D IN 3P
A IN 6M
A OUT REVERSE
D IN 3M
D OUT N
C IN S
C OUT B
B IN 6P
B OUT PASS A
D IN 6M
D OUT E
C IN E
C OUT N
B IN F
B OUT REVERSE
C IN 2M
C OUT E
D IN 5P
D OUT 8S
A IN B
A OUT Z
B IN PASS
B OUT PASS C
D IN 7M
D OUT 6P
A CHOW 6P 7P 8P
A OUT F
B IN 3P
B OUT DOUBLE
B IN 7S
B OUT F
C IN 6P
C OUT 8S
D IN F
D OUT F
A IN 1M
A OUT B
B IN 8P
B OUT 9S
C IN 5S
C OUT 7S
B PONG 7S 7S 7S
B OUT 5S
C PONG 5S 5S 5S
C OUT 1P
D IN PASS
D OUT PASS A
B IN 5M
B OUT 8M
C IN Z
C OUT Z
D IN 6S
D OUT 6S
A IN DOUBLE
A OUT DOUBLE
A IN 1S
A OUT N
B IN 7S
B OUT 7S
C IN 2S
C OUT 9M
A PONG 9M 9M 9M
A OUT 1S
B IN 5S
B OUT 5S
C IN PASS
C OUT PASS D
A IN 1M
A OUT 8P
B IN 6S
B OUT 6S
C IN 9P
C OUT 9P
D IN 7P
D OUT 3M
A IN 1P
A OUT 8P
B IN 9P
B OUT 9P
C IN 2M
C OUT 3M
D IN 1S
D OUT 2S
A IN 1M
A OUT 1P
B IN 2P
B OUT 2P
C IN 2P
C OUT 2P
D IN 6M
D OUT 7M
A IN 3S
A OUT 3S
B IN 4S
B OUT 4S
C IN 8S
C OUT 8S
D IN 3P
D OUT 3P
A IN 2M
A OUT 7M
B IN E
B OUT E
C IN 5M
C OUT 5M
A RON
A WIN
