A IN 8P
B IN 4P
C IN 1M
D IN 1M
A IN 5P
B IN 2S
C IN 8S
D IN 9P
A IN 1M
B IN 7P
C IN 8S
D IN 8M
A IN 2P
B IN 5P
C IN N
D IN B
A IN DOUBLE
B IN REVERSE
C IN S
D IN F
A IN 6M
B IN 2P
C IN PASS
D IN 6S
A IN DOUBLE
B IN 3M
C IN B
D IN 4S
A IN 2S
B IN 5P
C IN 9P
D IN 8P
A IN 7P
B IN 6P
C IN 9P
D IN 7S
A IN 5S
B IN 4P
C IN Z
D IN 3M
A IN 9S
B IN 3S
C IN 5M
D IN 8S
A IN DOUBLE
B IN F
C IN 1P
D IN PASS
A IN 4M
B IN N
C IN E
D IN E
A IN E
A OUT DOUBLE
A IN 4P
A OUT DOUBLE
A IN 6M
A OUT DOUBLE
A IN 3M
A OUT E
B IN 4M
B OUT REVERSE
A IN 4S
A OUT 9S
D CHOW 7S 8S 9S
D OUT PASS C
B IN 3S
B OUT F
A IN 2M
A OUT 5S
D CHOW 4S 5S 6S
D OUT F
C IN 9S
C OUT PASS B
A IN 4M
A OUT 4S
D IN 6M
D OUT B
C IN F
C OUT Z
B IN N
B OUT N
A IN 8M
A OUT 2S
D IN PASS
D OUT PASS C
B IN 7M
B OUT N
A IN 8P
A OUT 8P
D IN 6S
D OUT E
C IN 1S
C OUT F
B IN 7S
B OUT 7S
A IN Z
A OUT Z
D IN 9M
D OUT 6S
C IN B
C OUT N
B IN 7P
B OUT 3S
A IN 7M
A OUT 8P
D IN 1S
D OUT 1S
C IN 7S
C OUT S
B IN S
B OUT S
A IN 6M
A OUT 7P
D CHOW 7P 8P 9P
D OUT 9M
C IN 2M
C OUT E
B IN 1P
B OUT 3S
A IN 4S
A OUT 4S
D IN 4S
D OUT 4S
C IN W
C OUT W
B IN 3M
B OUT 2S
A IN DOUBLE
A OUT DOUBLE
A IN 8S
A OUT 8S
C PONG 8S 8S 8S
C OUT 1S
B IN 2M
B OUT 7M
A IN 7S
A OUT 7S
D IN 8M
D OUT 6M
A PONG 6M 6M 6M
A OUT 5P
D IN N
D OUT N
C IN 1P
C OUT B
B IN 6P
B OUT 3M
A IN B
A OUT B
D IN 2M
D SELFDRAWN
D WIN
