A IN E
B IN 8S
C IN E
D IN N
A IN 8S
B IN 2M
C IN PASS
D IN Z
A IN 2P
B IN 5P
C IN W
D IN PASS
A IN 2S
B IN 8P
C IN 4S
D IN 2P
A IN N
B IN 1P
C IN 5P
D IN F
A IN B
B IN 7S
C IN 4S
D IN 4S
A IN 5S
B IN 6P
C IN 4M
D IN B
A IN 3S
B IN 5M
C IN 7M
D IN 7M
A IN Z
B IN 4S
C IN 1M
D IN PASS
A IN 5P
B IN B
C IN 1S
D IN 1S
A IN 6S
B IN F
C IN W
D IN 6M
A IN REVERSE
B IN PASS
C IN 2S
D IN 5M
A IN DOUBLE
B IN 6P
C IN 7P
D IN 9P
A IN 6S
A OUT REVERSE
D IN DOUBLE
D OUT PASS C
B IN N
B OUT PASS A
D IN 8P
D OUT PASS C
B IN 1S
B OUT F
A IN F
A OUT DOUBLE
A IN 1S
A OUT Z
D IN 3P
D OUT DOUBLE
D IN REVERSE
D OUT REVERSE
A IN 8S
A OUT F
B IN 4M
B OUT B
C IN 9M
C OUT PASS D
A IN 9S
A OUT B
B IN 2M
B OUT N
C IN W
C OUT E
D IN 1P
D OUT Z
A IN 7S
A OUT N
B IN 3M
B OUT 4S
C IN 9M
C OUT 9M
D IN 7M
D OUT F
A IN 9P
A OUT E
B IN 9M
B OUT 1S
C IN 7M
C OUT 9M
D IN 1M
D OUT B
A IN E
A OUT E
B IN S
B OUT S
C IN 5S
C OUT 5S
D IN 3P
D OUT N
A IN S
A OUT S
B IN 8M
B OUT 8S
C IN 2M
C OUT 4S
D IN DOUBLE
D OUT DOUBLE
D IN B
D OUT B
A IN 9P
A OUT 5P
B IN 2M
B OUT 7S
C IN 6S
C OUT 6S
D IN 8P
D OUT 4S
A CHOW 4S 5S 6S
A OUT 2P
B IN 8M
B OUT 1P
C IN 9S
C OUT 9S
D IN 1P
D OUT 1S
A IN 6M
A OUT 6M
B IN W
B OUT W
C IN E
C OUT E
D IN 7P
D OUT 8P
A IN 1M
A OUT 1M
B IN 9S
B OUT 9S
C IN S
C OUT S
D IN 4M
D OUT 1M
A IN 4P
A OUT 4P
B CHOW 4P 5P 6P
B OUT 9M
C IN 4P
C OUT 4S
D IN N
D OUT N
A IN S
A OUT S
B IN 7S
B OUT 7S
A RON
A WIN
