A IN E
B IN E
C IN 5S
D IN N
A IN 8M
B IN PASS
C IN Z
D IN PASS
A IN 2P
B IN REVERSE
C IN 2M
D IN 2M
A IN 4M
B IN 5S
C IN 1M
D IN 7P
A IN 9M
B IN 5S
C IN 9P
D IN N
A IN 4P
B IN 8M
C IN 1S
D IN 9S
A IN 6M
B IN 8S
C IN 7P
D IN 5M
A IN F
B IN 4P
C IN 3M
D IN 6P
A IN 3S
B IN 4S
C IN W
D IN DOUBLE
A IN 7P
B IN 9M
C IN B
D IN 7P
A IN 8P
B IN 3P
C IN 3S
D IN S
A IN 2M
B IN 5P
C IN DOUBLE
D IN 4P
A IN 3P
B IN S
C IN 1P
D IN B
A IN 4S
A OUT F
B IN 8S
B OUT PASS C
D IN 9S
D OUT PASS A
B IN 2S
B OUT REVERSE
A IN 1P
A OUT E
D IN 1P
D OUT DOUBLE
D IN 8S
D OUT B
C IN REVERSE
C OUT REVERSE
D IN 3P
D OUT S
A IN 3M
A OUT 4S
B IN 3S
B OUT S
C IN DOUBLE
C OUT DOUBLE
C IN 9M
C OUT DOUBLE
C IN B
C OUT Z
D IN 9S
D OUT 8S
B PONG 8S 8S 8S
B OUT E
C IN 5M
C OUT W
D IN W
D OUT W
A IN 2P
A OUT 3S
B IN 2P
B OUT 5P
C IN 6M
C OUT 5S
D IN 7M
D OUT N
A IN Z
A OUT Z
B IN 4M
B OUT 4M
C CHOW 4M 5M 6M
C OUT 1P
D IN 2M
D OUT N
A IN 2S
A OUT 2S
B IN 1S
B OUT 4S
C IN 3P
C OUT 3P
D IN 3M
D OUT 7P
A IN S
A OUT S
B IN 4S
B OUT 4S
C IN 8M
C OUT 3S
D IN F
D OUT F
A IN 1S
A OUT 1S
B IN 7M
B SELFDRAWN
B WIN
