A IN S
B IN 8P
C IN 4S
D IN 8S
A IN 3M
B IN 5P
C IN 9M
D IN 5S
A IN 4P
B IN 4M
C IN 5P
D IN 3P
A IN 2S
B IN 8M
C IN 1S
D IN 7P
A IN 3M
B IN 7P
C IN 9S
D IN S
A IN W
B IN 1S
C IN 1S
D IN 5P
A IN F
B IN 7M
C IN 4S
D IN N
A IN 9M
B IN 5S
C IN 9M
D IN 1M
A IN 6P
B IN 6M
C IN 8S
D IN 4P
A IN 1M
B IN 3S
C IN 5M
D IN 6P
A IN PASS
B IN 1M
C IN 3P
D IN 5S
A IN N
B IN 6S
C IN 5M
D IN 9M
A IN B
B IN Z
C IN 6M
D IN 1P
A IN DOUBLE
A OUT PASS B
C IN 4M
C OUT 9S
D IN 5M
D OUT N
A IN 7M
A OUT DOUBLE
A IN 7S
A OUT F
B IN 9S
B OUT Z
C IN 7S
C OUT 8S
D IN S
D OUT 8S
A IN 7P
A OUT B
B IN 3S
B OUT 9S
C IN DOUBLE
C OUT DOUBLE
C IN 2P
C OUT 7S
D IN 7M
D OUT 7P
A IN B
A OUT B
B IN 2P
B OUT 6S
C IN 9P
C OUT 9P
D IN 7S
D OUT 7S
A IN 6S
A OUT N
B IN B
B OUT B
C IN 3P
C OUT 4S
D IN 2M
D OUT S
A IN Z
A OUT Z
B IN E
B OUT E
C IN 7S
C OUT 7S
D IN 8M
D OUT S
A IN 8P
A OUT W
B IN W
B OUT W
C IN DOUBLE
C OUT DOUBLE
C IN F
C OUT F
D IN 8M
D OUT 8M
A CHOW 7M 8M 9M
A OUT S
B IN 8P
B OUT 2P
C IN 1S
C OUT 4S
D IN 7M
D OUT 6P
A CHOW 6P 7P 8P
A OUT 2S
B CHOW 1S 2S 3S
B OUT 4M
C IN 5M
C OUT 5P
D IN Z
D OUT Z
A IN 6M
A OUT 6M
B IN B
B OUT B
C IN 2S
C OUT 2S
D IN PASS
D OUT PASS A
B IN 2M
B OUT 5S
C IN DOUBLE
C OUT DOUBLE
C IN 6S
C OUT 6S
D IN 6S
D OUT 6S
A IN N
A OUT N
B IN F
B OUT F
C IN 6P
C OUT 6P
D IN E
D OUT E
A IN REVERSE
A OUT REVERSE
D IN 2M
D OUT 1P
C CHOW 1P 2P 3P
C OUT 3P
B IN 3M
B OUT 3S
A IN 8S
A OUT 1M
D IN 4M
D OUT 7M
C IN N
C OUT N
B IN 3M
B OUT 3M
A IN 2P
A OUT 6P
B RON
B WIN
