A IN Z
B IN 9M
C IN 7S
D IN PASS
A IN S
B IN 9S
C IN 6S
D IN 1S
A IN 2S
B IN 9S
C IN 6M
D IN N
A IN W
B IN F
C IN 5P
D IN W
A IN 9S
B IN REVERSE
C IN 9P
D IN 3P
A IN 4M
B IN 7P
C IN 7M
D IN 5M
A IN 1S
B IN 8P
C IN S
D IN 5M
A IN 6M
B IN 1P
C IN 2P
D IN 4P
A IN 3M
B IN 1S
C IN REVERSE
D IN 5P
A IN 9P
B IN B
C IN 4M
D IN 2S
A IN 4S
B IN REVERSE
C IN 5S
D IN 8M
A IN 3M
B IN 5P
C IN 6S
D IN 3S
A IN 8S
B IN 8M
C IN 8P
D IN 8M
A IN PASS
A OUT PASS B
C IN 4P
C OUT REVERSE
B IN 6M
B OUT REVERSE
C IN 6P
C OUT S
D IN 2S
D OUT PASS A
B IN Z
B OUT REVERSE
A IN 8P
A OUT Z
D IN 4M
D OUT N
C IN 6P
C OUT 6S
B IN Z
B OUT F
A IN 1M
A OUT W
D IN 2M
D OUT W
C IN E
C OUT E
B IN 6M
B OUT B
A IN 7P
A OUT S
D IN 7M
D OUT 2S
C IN 1S
C OUT 1S
B IN 4S
B OUT 4S
A IN 2P
A OUT 4S
D IN DOUBLE
D OUT DOUBLE
D IN 1M
D OUT 8M
C CHOW 6M 7M 8M
C OUT 9P
B CHOW 7P 8P 9P
B OUT 1S
A IN 1M
A OUT 9S
B PONG 9S 9S 9S
B OUT 5P
A IN 9S
A OUT 9S
D IN W
D OUT W
C IN 3P
C OUT 8P
B IN 2S
B OUT 2S
A IN N
A OUT N
D IN 3S
D OUT 3S
C IN 7M
C OUT 6P
B IN B
B OUT B
A IN 7P
A OUT 8S
D IN 9M
D OUT 4M
C IN B
C OUT B
B IN N
B OUT N
A IN 8S
A OUT 8S
D IN 3S
D OUT 3S
C IN DOUBLE
C OUT DOUBLE
C IN REVERSE
C OUT REVERSE
D IN 4S
D OUT 4S
A IN 7M
A OUT 7P
B IN 6S
B OUT 6S
C IN 5P
C OUT 6P
D IN E
D OUT E
A IN 5M
A OUT 2P
B IN 9P
B OUT 9P
C IN 1M
C OUT 7M
D IN 5M
D OUT 5M
A CHOW 5M 6M 7M
A OUT 3M
D RON
D WIN
